[29708:36220:0614/175536.384:WARNING:kernel_parameter_setter.cc(150)] [KernelParameterSetter] NotifyDoublePinyinSchemeChanged failed, scheme=Sogou status=1
[29708:36220:0614/175536.384:WARNING:t_skinfilemap.cpp(56)] SGRenderLog:CheckUpdate newMem.OpenMem failed, szNewMem:Local\sgime_skin.v2.filemap.sogouime err:系统错误2: 系统找不到指定的文件。  
打开Filemap失败: Local\sgime_skin.v2.filemap.sogouime3984c003857
[29708:36220:0614/175536.384:WARNING:t_skinfilemap.cpp(65)] SGRenderLog:CheckUpdate finish: old version:1
[29708:36220:0614/175536.384:WARNING:t_skinfilemap.cpp(67)] SGRenderLog:CheckUpdate finish: new version:2
[29708:36220:0614/175536.431:WARNING:t_skinfilemap.cpp(63)] SGRenderLog:CheckUpdate newMem.OpenMem Suc, szNewMem:Local\sgime_skin.Dpi120.v2.filemap.sogouime
[29708:36220:0614/175536.431:WARNING:t_skinfilemap.cpp(65)] SGRenderLog:CheckUpdate finish: old version:2
[29708:36220:0614/175536.431:WARNING:t_skinfilemap.cpp(67)] SGRenderLog:CheckUpdate finish: new version:2
[37656:36128:0614/175719.522:WARNING:kernel_parameter_setter.cc(150)] [KernelParameterSetter] NotifyDoublePinyinSchemeChanged failed, scheme=Sogou status=1
[37656:36128:0614/175719.523:WARNING:t_skinfilemap.cpp(56)] SGRenderLog:CheckUpdate newMem.OpenMem failed, szNewMem:Local\sgime_skin.v2.filemap.sogouime err:系统错误2: 系统找不到指定的文件。  
打开Filemap失败: Local\sgime_skin.v2.filemap.sogouime3984c003857
[37656:36128:0614/175719.523:WARNING:t_skinfilemap.cpp(65)] SGRenderLog:CheckUpdate finish: old version:1
[37656:36128:0614/175719.523:WARNING:t_skinfilemap.cpp(67)] SGRenderLog:CheckUpdate finish: new version:2
[37656:36128:0614/175719.556:WARNING:t_skinfilemap.cpp(63)] SGRenderLog:CheckUpdate newMem.OpenMem Suc, szNewMem:Local\sgime_skin.Dpi120.v2.filemap.sogouime
[37656:36128:0614/175719.556:WARNING:t_skinfilemap.cpp(65)] SGRenderLog:CheckUpdate finish: old version:2
[37656:36128:0614/175719.556:WARNING:t_skinfilemap.cpp(67)] SGRenderLog:CheckUpdate finish: new version:2
[37656:36128:0614/175729.385:WARNING:kernel_parameter_setter.cc(150)] [KernelParameterSetter] NotifyDoublePinyinSchemeChanged failed, scheme=Sogou status=1
[37656:36128:0614/175748.795:WARNING:kernel_parameter_setter.cc(150)] [KernelParameterSetter] NotifyDoublePinyinSchemeChanged failed, scheme=Sogou status=1
[31480:34052:0614/175831.046:WARNING:kernel_parameter_setter.cc(150)] [KernelParameterSetter] NotifyDoublePinyinSchemeChanged failed, scheme=Sogou status=1
[31480:34052:0614/175831.046:WARNING:t_skinfilemap.cpp(56)] SGRenderLog:CheckUpdate newMem.OpenMem failed, szNewMem:Local\sgime_skin.v2.filemap.sogouime err:系统错误2: 系统找不到指定的文件。  
打开Filemap失败: Local\sgime_skin.v2.filemap.sogouime3984c003857
[31480:34052:0614/175831.046:WARNING:t_skinfilemap.cpp(65)] SGRenderLog:CheckUpdate finish: old version:1
[31480:34052:0614/175831.046:WARNING:t_skinfilemap.cpp(67)] SGRenderLog:CheckUpdate finish: new version:2
[31480:34052:0614/175831.064:WARNING:t_skinfilemap.cpp(63)] SGRenderLog:CheckUpdate newMem.OpenMem Suc, szNewMem:Local\sgime_skin.Dpi120.v2.filemap.sogouime
[31480:34052:0614/175831.064:WARNING:t_skinfilemap.cpp(65)] SGRenderLog:CheckUpdate finish: old version:2
[31480:34052:0614/175831.064:WARNING:t_skinfilemap.cpp(67)] SGRenderLog:CheckUpdate finish: new version:2
